2026-08-07 21:52:43,606 - INFO - Case d9865e9e -> action=manual review required | decision=escalate | approval=pending | reason=High-risk action requires human approval before execution.
2026-08-07 22:16:53,067 - INFO - Case 2e1f70e7 -> action=manual review required | decision=escalate | approval=pending | reason=High-risk action requires human approval before execution.
2026-08-07 22:53:50,293 - INFO - Case 3710024a -> action=manual review required | decision=escalate | approval=pending | reason=High-risk action requires human approval before execution.
2026-08-07 22:58:38,817 - INFO - Case 6b53e7aa -> action=manual review required | decision=escalate | approval=pending | reason=High-risk action requires human approval before execution.
2026-08-07 22:59:53,007 - INFO - Case fd7d098b -> action=manual review required | decision=escalate | approval=pending | reason=High-risk action requires human approval before execution.
2026-08-07 23:22:26,535 - INFO - [2026-08-07T17:52:26.534957+00:00] Case B0E1DEB1 | customer=C1001 | decision=approve | action=issue refund pending manager approval | approval=pending | self_check=PASS | reason=High-risk action 'issue refund pending manager approval' requires human approval before execution. Assigned to ops manager queue.
2026-08-07 23:34:33,105 - INFO - [2026-08-07T18:04:33.105596+00:00] Case 14E36312 | customer=C1001 | decision=approve | action=issue refund pending manager approval | approval=pending | self_check=PASS | reason=High-risk action 'issue refund pending manager approval' requires human approval before execution. Assigned to ops manager queue.
2026-08-07 23:34:33,134 - INFO - [2026-08-07T18:04:33.134871+00:00] Case FABCF5EB | customer=C1001 | decision=approve | action=issue refund pending manager approval | approval=pending | self_check=PASS | reason=High-risk action 'issue refund pending manager approval' requires human approval before execution. Assigned to ops manager queue.
2026-08-07 23:34:33,351 - INFO - [2026-08-07T18:04:33.351193+00:00] Case DABC3B26 | customer=C1001 | decision=approve | action=issue refund pending manager approval | approval=pending | self_check=PASS | reason=High-risk action 'issue refund pending manager approval' requires human approval before execution. Assigned to ops manager queue.
2026-08-07 23:34:33,365 - INFO - [2026-08-07T18:04:33.365497+00:00] Case D1F10CF9 | customer=C1001 | decision=approve | action=issue refund pending manager approval | approval=pending | self_check=PASS | reason=High-risk action 'issue refund pending manager approval' requires human approval before execution. Assigned to ops manager queue.
2026-08-07 23:37:28,115 - INFO - [2026-08-07T18:07:28.115483+00:00] Case FADCFF91 | customer=C1001 | decision=approve | action=issue refund pending manager approval | approval=pending | self_check=PASS | reason=High-risk action 'issue refund pending manager approval' requires human approval before execution. Assigned to ops manager queue.
2026-08-07 23:37:28,140 - INFO - [2026-08-07T18:07:28.140126+00:00] Case B1C5AB25 | customer=C1001 | decision=approve | action=issue refund pending manager approval | approval=pending | self_check=PASS | reason=High-risk action 'issue refund pending manager approval' requires human approval before execution. Assigned to ops manager queue.
2026-08-07 23:37:28,375 - INFO - [2026-08-07T18:07:28.375209+00:00] Case 46851595 | customer=C1001 | decision=approve | action=issue refund pending manager approval | approval=pending | self_check=PASS | reason=High-risk action 'issue refund pending manager approval' requires human approval before execution. Assigned to ops manager queue.
2026-08-07 23:37:28,397 - INFO - [2026-08-07T18:07:28.397634+00:00] Case 2249B8C4 | customer=C1001 | decision=approve | action=issue refund pending manager approval | approval=pending | self_check=PASS | reason=High-risk action 'issue refund pending manager approval' requires human approval before execution. Assigned to ops manager queue.
2026-08-07 23:38:05,960 - INFO - [2026-08-07T18:08:05.960478+00:00] Case A636CD58 | customer=C1001 | decision=approve | action=issue refund pending manager approval | approval=pending | self_check=PASS | reason=High-risk action 'issue refund pending manager approval' requires human approval before execution. Assigned to ops manager queue.
2026-08-07 23:38:05,973 - INFO - [2026-08-07T18:08:05.973464+00:00] Case F4CC26A4 | customer=C1001 | decision=resolve | action=provide standard support response | approval=auto_approved | self_check=PASS | reason=Routine action auto-approved — no HITL required.
2026-08-07 23:38:05,985 - INFO - [2026-08-07T18:08:05.985773+00:00] Case 9787A15B | customer=C1001 | decision=resolve | action=provide standard support response | approval=auto_approved | self_check=PASS | reason=Routine action auto-approved — no HITL required.
2026-08-07 23:38:05,997 - INFO - [2026-08-07T18:08:05.997832+00:00] Case 236B9674 | customer=C1001 | decision=approve | action=issue refund pending manager approval | approval=pending | self_check=PASS | reason=High-risk action 'issue refund pending manager approval' requires human approval before execution. Assigned to ops manager queue.
2026-08-07 23:38:46,751 - INFO - [2026-08-07T18:08:46.751161+00:00] Case E45B0E9A | customer=C1001 | decision=approve | action=issue refund pending manager approval | approval=pending | self_check=PASS | reason=High-risk action 'issue refund pending manager approval' requires human approval before execution. Assigned to ops manager queue.
2026-08-07 23:47:40,903 - INFO - [2026-08-07T18:17:40.903731+00:00] Case 94FB1CF8 | customer=C1001 | decision=approve | action=issue refund pending manager approval | approval=pending | self_check=PASS | reason=High-risk action 'issue refund pending manager approval' requires human approval before execution. Assigned to ops manager queue.
2026-08-07 23:47:40,918 - INFO - [2026-08-07T18:17:40.918916+00:00] Case 04EA9719 | customer=C1001 | decision=resolve | action=provide standard support response | approval=auto_approved | self_check=PASS | reason=Routine action auto-approved — no HITL required.
2026-08-07 23:47:41,130 - INFO - [2026-08-07T18:17:41.130320+00:00] Case FD4E6CC1 | customer=C1001 | decision=resolve | action=provide standard support response | approval=auto_approved | self_check=PASS | reason=Routine action auto-approved — no HITL required.
2026-08-07 23:47:41,159 - INFO - [2026-08-07T18:17:41.159871+00:00] Case 38AE165D | customer=C1001 | decision=approve | action=issue refund pending manager approval | approval=pending | self_check=PASS | reason=High-risk action 'issue refund pending manager approval' requires human approval before execution. Assigned to ops manager queue.
2026-08-07 23:47:55,498 - INFO - [2026-08-07T18:17:55.498369+00:00] Case F068D42B | customer=C1001 | decision=approve | action=issue refund pending manager approval | approval=pending | self_check=PASS | reason=High-risk action 'issue refund pending manager approval' requires human approval before execution. Assigned to ops manager queue.
2026-08-07 23:47:55,514 - INFO - [2026-08-07T18:17:55.514127+00:00] Case 3EAEEEEC | customer=C1001 | decision=resolve | action=provide standard support response | approval=auto_approved | self_check=PASS | reason=Routine action auto-approved — no HITL required.
2026-08-07 23:47:55,529 - INFO - [2026-08-07T18:17:55.529095+00:00] Case 3F4D37F5 | customer=C1001 | decision=resolve | action=provide standard support response | approval=auto_approved | self_check=PASS | reason=Routine action auto-approved — no HITL required.
2026-08-07 23:47:55,542 - INFO - [2026-08-07T18:17:55.542127+00:00] Case C9FF47B5 | customer=C1001 | decision=approve | action=issue refund pending manager approval | approval=pending | self_check=PASS | reason=High-risk action 'issue refund pending manager approval' requires human approval before execution. Assigned to ops manager queue.
2026-08-07 23:51:40,557 - INFO - [2026-08-07T18:21:40.557291+00:00] Case 84F4AAA8 | customer=C1001 | decision=approve | action=issue refund pending manager approval | approval=pending | self_check=PASS | reason=High-risk action 'issue refund pending manager approval' requires human approval before execution. Assigned to ops manager queue.
2026-08-07 23:51:59,715 - INFO - [2026-08-07T18:21:59.715047+00:00] Case A5400BB6 | customer=C1001 | decision=approve | action=issue refund pending manager approval | approval=pending | self_check=PASS | reason=High-risk action 'issue refund pending manager approval' requires human approval before execution. Assigned to ops manager queue.
2026-08-07 23:53:42,855 - INFO - [2026-08-07T18:23:42.855329+00:00] Case 1BE68540 | customer=C1001 | decision=approve | action=issue refund pending manager approval | approval=pending | self_check=PASS | reason=High-risk action 'issue refund pending manager approval' requires human approval before execution. Assigned to ops manager queue.
2026-08-07 23:53:42,869 - INFO - [2026-08-07T18:23:42.869940+00:00] Case EAE95159 | customer=C1001 | decision=resolve | action=provide standard support response | approval=auto_approved | self_check=PASS | reason=Routine action auto-approved — no HITL required.
2026-08-07 23:53:42,888 - INFO - [2026-08-07T18:23:42.888071+00:00] Case 14D0D3C2 | customer=C1001 | decision=resolve | action=provide standard support response | approval=auto_approved | self_check=PASS | reason=Routine action auto-approved — no HITL required.
2026-08-07 23:53:42,901 - INFO - [2026-08-07T18:23:42.901960+00:00] Case B9DB8931 | customer=C1001 | decision=approve | action=issue refund pending manager approval | approval=pending | self_check=PASS | reason=High-risk action 'issue refund pending manager approval' requires human approval before execution. Assigned to ops manager queue.
2026-08-07 23:54:19,996 - INFO - [2026-08-07T18:24:19.996446+00:00] Case 204591AE | customer=C1001 | decision=approve | action=issue refund pending manager approval | approval=pending | self_check=PASS | reason=High-risk action 'issue refund pending manager approval' requires human approval before execution. Assigned to ops manager queue.
2026-08-07 23:54:53,324 - INFO - [2026-08-07T18:24:53.324667+00:00] Case F477B2DC | customer=C1001 | decision=resolve | action=provide standard support response | approval=auto_approved | self_check=PASS | reason=Routine action auto-approved — no HITL required.
2026-08-07 23:55:37,469 - INFO - [2026-08-07T18:25:37.468938+00:00] Case D775598B | customer=C1004 | decision=approve | action=issue refund automatically | approval=auto_approved | self_check=PASS | reason=Routine action auto-approved — no HITL required.
2026-08-07 23:55:44,618 - INFO - [2026-08-07T18:25:44.618099+00:00] Case DD331757 | customer=C1001 | decision=approve | action=issue refund pending manager approval | approval=pending | self_check=PASS | reason=High-risk action 'issue refund pending manager approval' requires human approval before execution. Assigned to ops manager queue.
2026-08-07 23:55:50,203 - INFO - [2026-08-07T18:25:50.203330+00:00] Case 09317467 | customer=C1003 | decision=escalate | action=place fraud hold and initiate manual review | approval=pending | self_check=PASS | reason=High-risk action 'place fraud hold and initiate manual review' requires human approval before execution. Assigned to ops manager queue.
2026-08-08 00:32:28,971 - INFO - [2026-08-07T19:02:28.971573+00:00] Case 042A9683 | customer=C1001 | decision=approve | action=issue refund pending manager approval | approval=pending | self_check=PASS | reason=High-risk action 'issue refund pending manager approval' requires human approval before execution. Assigned to ops manager queue.
2026-08-08 00:32:28,996 - INFO - [2026-08-07T19:02:28.996311+00:00] Case 2E8B61B7 | customer=C1001 | decision=resolve | action=provide standard support response | approval=auto_approved | self_check=PASS | reason=Routine action auto-approved — no HITL required.
2026-08-08 00:32:29,039 - INFO - [2026-08-07T19:02:29.039135+00:00] Case 5E408D10 | customer=C1001 | decision=resolve | action=provide standard support response | approval=auto_approved | self_check=PASS | reason=Routine action auto-approved — no HITL required.
2026-08-08 00:32:29,059 - INFO - [2026-08-07T19:02:29.059794+00:00] Case 4FB39539 | customer=C1001 | decision=approve | action=issue refund pending manager approval | approval=pending | self_check=PASS | reason=High-risk action 'issue refund pending manager approval' requires human approval before execution. Assigned to ops manager queue.
2026-08-08 00:33:29,581 - INFO - [2026-08-07T19:03:29.581728+00:00] Case 4971C1DB | customer=C1001 | decision=resolve | action=provide standard support response | approval=auto_approved | self_check=PASS | reason=Routine action auto-approved — no HITL required.
2026-08-08 00:34:00,338 - INFO - [2026-08-07T19:04:00.337949+00:00] Case 1DC7A1CB | customer=C1001 | decision=resolve | action=provide standard support response | approval=auto_approved | self_check=PASS | reason=Routine action auto-approved — no HITL required.
2026-08-08 00:34:02,277 - INFO - [2026-08-07T19:04:02.277122+00:00] Case 1640A2DC | customer=C1001 | decision=resolve | action=provide standard support response | approval=auto_approved | self_check=PASS | reason=Routine action auto-approved — no HITL required.
2026-08-08 00:34:05,775 - INFO - [2026-08-07T19:04:05.775060+00:00] Case D7D5ADB7 | customer=C1001 | decision=resolve | action=provide standard support response | approval=auto_approved | self_check=PASS | reason=Routine action auto-approved — no HITL required.
2026-08-08 00:34:07,307 - INFO - [2026-08-07T19:04:07.307272+00:00] Case 12D2ED58 | customer=C1001 | decision=resolve | action=provide standard support response | approval=auto_approved | self_check=PASS | reason=Routine action auto-approved — no HITL required.
2026-08-08 00:34:10,438 - INFO - [2026-08-07T19:04:10.438395+00:00] Case 6D46BA0B | customer=C1001 | decision=resolve | action=provide standard support response | approval=auto_approved | self_check=PASS | reason=Routine action auto-approved — no HITL required.
2026-08-08 00:34:40,712 - INFO - [2026-08-07T19:04:40.712834+00:00] Case 729F9701 | customer=C1001 | decision=approve | action=issue refund pending manager approval | approval=pending | self_check=PASS | reason=High-risk action 'issue refund pending manager approval' requires human approval before execution. Assigned to ops manager queue.
2026-08-08 00:41:25,306 - INFO - [2026-08-07T19:11:25.306153+00:00] Case 3413E5F1 | customer=C1004 | decision=approve | action=issue refund automatically | approval=auto_approved | self_check=PASS | reason=Routine action auto-approved — no HITL required.
2026-08-08 00:41:39,413 - INFO - [2026-08-07T19:11:39.413213+00:00] Case 62878FE6 | customer=C1003 | decision=escalate | action=place fraud hold and initiate manual review | approval=pending | self_check=PASS | reason=High-risk action 'place fraud hold and initiate manual review' requires human approval before execution. Assigned to ops manager queue.
2026-08-08 00:43:20,170 - INFO - [2026-08-07T19:13:20.170731+00:00] Case 93FE3F94 | customer=C1001 | decision=resolve | action=provide standard support response | approval=auto_approved | self_check=PASS | reason=Routine action auto-approved — no HITL required.
2026-08-08 00:44:44,637 - INFO - Human approval: case=729F9701 approved=True reviewer=ops_manager
2026-08-08 00:45:05,839 - INFO - [2026-08-07T19:15:05.839058+00:00] Case BD791EE1 | customer=C1001 | decision=resolve | action=provide standard support response | approval=auto_approved | self_check=PASS | reason=Routine action auto-approved — no HITL required.
2026-08-08 00:46:48,752 - INFO - [2026-08-07T19:16:48.752838+00:00] Case 73519A71 | customer=C1001 | decision=approve | action=issue refund pending manager approval | approval=pending | self_check=PASS | reason=High-risk action 'issue refund pending manager approval' requires human approval before execution. Assigned to ops manager queue.
2026-08-08 00:47:32,565 - INFO - [2026-08-07T19:17:32.565267+00:00] Case E4C2DE5D | customer=C1001 | decision=resolve | action=provide standard support response | approval=auto_approved | self_check=PASS | reason=Routine action auto-approved — no HITL required.
2026-08-08 00:47:34,265 - INFO - [2026-08-07T19:17:34.265147+00:00] Case BD32E055 | customer=C1001 | decision=resolve | action=provide standard support response | approval=auto_approved | self_check=PASS | reason=Routine action auto-approved — no HITL required.
2026-08-08 00:52:47,469 - INFO - [2026-08-07T19:22:47.469801+00:00] Case 9B6CF6A6 | customer=C1001 | decision=approve | action=issue refund pending manager approval | approval=pending | self_check=PASS | reason=High-risk action 'issue refund pending manager approval' requires human approval before execution. Assigned to ops manager queue.
2026-08-08 00:52:47,502 - INFO - [2026-08-07T19:22:47.502249+00:00] Case 633241AC | customer=C1001 | decision=resolve | action=provide standard support response | approval=auto_approved | self_check=PASS | reason=Routine action auto-approved — no HITL required.
2026-08-08 00:52:47,516 - INFO - [2026-08-07T19:22:47.516489+00:00] Case D7111E39 | customer=C1001 | decision=resolve | action=provide standard support response | approval=auto_approved | self_check=PASS | reason=Routine action auto-approved — no HITL required.
2026-08-08 00:52:47,529 - INFO - [2026-08-07T19:22:47.529825+00:00] Case FF4B4E34 | customer=C1001 | decision=approve | action=issue refund pending manager approval | approval=pending | self_check=PASS | reason=High-risk action 'issue refund pending manager approval' requires human approval before execution. Assigned to ops manager queue.
2026-08-08 00:55:23,675 - INFO - Human approval: case=73519A71 approved=True reviewer=Ops Manager
2026-08-08 00:55:24,643 - INFO - Human approval: case=62878FE6 approved=True reviewer=Ops Manager
2026-08-08 00:55:34,335 - INFO - [2026-08-07T19:25:34.334989+00:00] Case D4CDCE84 | customer=C1004 | decision=approve | action=issue refund automatically | approval=auto_approved | self_check=PASS | reason=Routine action auto-approved — no HITL required.
2026-08-08 00:55:36,569 - INFO - [2026-08-07T19:25:36.569663+00:00] Case 70CE32BC | customer=C1003 | decision=escalate | action=place fraud hold and initiate manual review | approval=pending | self_check=PASS | reason=High-risk action 'place fraud hold and initiate manual review' requires human approval before execution. Assigned to ops manager queue.
2026-08-08 00:56:04,666 - INFO - [2026-08-07T19:26:04.666050+00:00] Case 00D589D0 | customer=C1001 | decision=resolve | action=provide standard support response | approval=auto_approved | self_check=PASS | reason=Routine action auto-approved — no HITL required.
2026-08-08 00:56:16,347 - INFO - [2026-08-07T19:26:16.347038+00:00] Case 240498B6 | customer=C1001 | decision=approve | action=issue refund pending manager approval | approval=pending | self_check=PASS | reason=High-risk action 'issue refund pending manager approval' requires human approval before execution. Assigned to ops manager queue.
2026-08-08 00:56:22,004 - INFO - [2026-08-07T19:26:22.004527+00:00] Case 1DAC9F8F | customer=C1004 | decision=approve | action=issue refund automatically | approval=auto_approved | self_check=PASS | reason=Routine action auto-approved — no HITL required.
2026-08-08 00:56:26,564 - INFO - [2026-08-07T19:26:26.563889+00:00] Case 9AB44636 | customer=C1003 | decision=escalate | action=place fraud hold and initiate manual review | approval=pending | self_check=PASS | reason=High-risk action 'place fraud hold and initiate manual review' requires human approval before execution. Assigned to ops manager queue.
2026-08-08 00:57:42,290 - INFO - [2026-08-07T19:27:42.290536+00:00] Case D97A40DF | customer=C1001 | decision=approve | action=issue refund automatically | approval=auto_approved | self_check=PASS | reason=Routine action auto-approved — no HITL required.
2026-08-08 00:58:27,964 - INFO - [2026-08-07T19:28:27.964083+00:00] Case 13540BE3 | customer=C1001 | decision=resolve | action=provide standard support response | approval=auto_approved | self_check=PASS | reason=Routine action auto-approved — no HITL required.
2026-08-08 00:59:10,676 - INFO - [2026-08-07T19:29:10.676255+00:00] Case 0F34C094 | customer=C1003 | decision=escalate | action=place fraud hold and initiate manual review | approval=pending | self_check=PASS | reason=High-risk action 'place fraud hold and initiate manual review' requires human approval before execution. Assigned to ops manager queue.
2026-08-08 01:44:18,401 - INFO - [2026-08-07T20:14:18.401149+00:00] Case 2E3A2343 | customer=C1004 | decision=approve | action=issue refund automatically | approval=auto_approved | self_check=PASS | reason=Routine action auto-approved — no HITL required.
2026-08-08 01:51:52,195 - INFO - [2026-08-07T20:21:52.195748+00:00] Case C6D3A1AA | customer=C1001 | decision=resolve | action=provide standard support response | approval=auto_approved | self_check=PASS | reason=Routine action auto-approved — no HITL required.
2026-08-08 01:52:10,321 - INFO - [2026-08-07T20:22:10.321641+00:00] Case 8978B417 | customer=C1001 | decision=resolve | action=provide standard support response | approval=auto_approved | self_check=PASS | reason=Routine action auto-approved — no HITL required.
2026-08-08 01:52:44,143 - INFO - Human approval: case=0F34C094 approved=True reviewer=Ops Manager
2026-08-08 01:53:46,074 - INFO - [2026-08-07T20:23:46.073187+00:00] Case 407D7CFD | customer=C1003 | decision=escalate | action=place fraud hold and initiate manual review | approval=pending | self_check=PASS | reason=High-risk action 'place fraud hold and initiate manual review' requires human approval before execution. Assigned to ops manager queue.
2026-08-08 01:53:56,049 - INFO - Human approval: case=240498B6 approved=True reviewer=Ops Manager
2026-08-08 01:53:57,181 - INFO - Human approval: case=9AB44636 approved=True reviewer=Ops Manager
2026-08-08 01:54:03,600 - INFO - [2026-08-07T20:24:03.600388+00:00] Case 02928DB3 | customer=C1003 | decision=escalate | action=place fraud hold and initiate manual review | approval=pending | self_check=PASS | reason=High-risk action 'place fraud hold and initiate manual review' requires human approval before execution. Assigned to ops manager queue.
2026-08-08 01:54:04,588 - INFO - [2026-08-07T20:24:04.588652+00:00] Case 67F0287D | customer=C1004 | decision=approve | action=issue refund automatically | approval=auto_approved | self_check=PASS | reason=Routine action auto-approved — no HITL required.
2026-08-08 01:54:09,340 - INFO - [2026-08-07T20:24:09.339958+00:00] Case 3D723790 | customer=C1001 | decision=approve | action=issue refund pending manager approval | approval=pending | self_check=PASS | reason=High-risk action 'issue refund pending manager approval' requires human approval before execution. Assigned to ops manager queue.
2026-08-08 09:03:49,562 - INFO - [2026-08-08T03:33:49.562675+00:00] Case 1CA18AFA | customer=C1003 | decision=escalate | action=place fraud hold and initiate manual review | approval=pending | self_check=PASS | reason=High-risk action 'place fraud hold and initiate manual review' requires human approval before execution. Assigned to ops manager queue.
2026-08-08 09:03:57,704 - INFO - Human approval: case=1CA18AFA approved=True reviewer=Ops Manager
2026-08-08 09:03:59,128 - INFO - Human approval: case=3D723790 approved=True reviewer=Ops Manager
2026-08-08 09:04:05,363 - INFO - Human approval: case=02928DB3 approved=False reviewer=Ops Manager
2026-08-08 09:04:06,239 - INFO - Human approval: case=407D7CFD approved=False reviewer=Ops Manager
2026-08-08 09:04:06,960 - INFO - Human approval: case=70CE32BC approved=False reviewer=Ops Manager
2026-08-08 09:06:49,244 - INFO - [2026-08-08T03:36:49.243816+00:00] Case 63F7AE9B | customer=C1001 | decision=approve | action=issue refund pending manager approval | approval=pending | self_check=PASS | reason=High-risk action 'issue refund pending manager approval' requires human approval before execution. Assigned to ops manager queue.
2026-08-08 09:07:11,537 - INFO - [2026-08-08T03:37:11.536939+00:00] Case B74CD15C | customer=C1004 | decision=approve | action=issue refund automatically | approval=auto_approved | self_check=PASS | reason=Routine action auto-approved — no HITL required.
2026-08-08 09:07:26,911 - INFO - [2026-08-08T03:37:26.911144+00:00] Case 936DC603 | customer=C1003 | decision=escalate | action=place fraud hold and initiate manual review | approval=pending | self_check=PASS | reason=High-risk action 'place fraud hold and initiate manual review' requires human approval before execution. Assigned to ops manager queue.
2026-08-08 09:15:48,086 - INFO - [2026-08-08T03:45:48.086157+00:00] Case 7BE35AD2 | customer=C1001 | decision=approve | action=issue refund pending manager approval | approval=pending | self_check=PASS | reason=High-risk action 'issue refund pending manager approval' requires human approval before execution. Assigned to ops manager queue.
2026-08-08 09:16:08,511 - INFO - [2026-08-08T03:46:08.511192+00:00] Case 3D4E324F | customer=C1004 | decision=approve | action=issue refund automatically | approval=auto_approved | self_check=PASS | reason=Routine action auto-approved — no HITL required.
2026-08-08 09:16:24,739 - INFO - [2026-08-08T03:46:24.739129+00:00] Case D2B3679D | customer=C1003 | decision=escalate | action=place fraud hold and initiate manual review | approval=pending | self_check=PASS | reason=High-risk action 'place fraud hold and initiate manual review' requires human approval before execution. Assigned to ops manager queue.
2026-08-08 09:39:36,207 - INFO - [2026-08-08T04:09:36.207482+00:00] Case 23636D82 | customer=C1001 | decision=approve | action=issue refund pending manager approval | approval=pending | self_check=PASS | reason=High-risk action 'issue refund pending manager approval' requires human approval before execution. Assigned to ops manager queue.
2026-08-08 09:39:36,235 - INFO - [2026-08-08T04:09:36.235677+00:00] Case 4170D9AF | customer=C1001 | decision=resolve | action=provide standard support response | approval=auto_approved | self_check=PASS | reason=Routine action auto-approved — no HITL required.
2026-08-08 09:39:36,258 - INFO - [2026-08-08T04:09:36.258622+00:00] Case F10F77BD | customer=C1001 | decision=resolve | action=provide standard support response | approval=auto_approved | self_check=PASS | reason=Routine action auto-approved — no HITL required.
2026-08-08 09:39:36,277 - INFO - [2026-08-08T04:09:36.277777+00:00] Case A515A8DC | customer=C1001 | decision=approve | action=issue refund pending manager approval | approval=pending | self_check=PASS | reason=High-risk action 'issue refund pending manager approval' requires human approval before execution. Assigned to ops manager queue.
2026-08-08 09:41:26,203 - INFO - [2026-08-08T04:11:26.202925+00:00] Case A408EA16 | customer=C1001 | decision=approve | action=issue refund pending manager approval | approval=pending | self_check=PASS | reason=High-risk action 'issue refund pending manager approval' requires human approval before execution. Assigned to ops manager queue.
2026-08-08 09:41:26,231 - INFO - [2026-08-08T04:11:26.231640+00:00] Case 7504DA9D | customer=C1001 | decision=resolve | action=provide standard support response | approval=auto_approved | self_check=PASS | reason=Routine action auto-approved — no HITL required.
2026-08-08 09:41:26,254 - INFO - [2026-08-08T04:11:26.254140+00:00] Case 05B9B4E0 | customer=C1001 | decision=resolve | action=provide standard support response | approval=auto_approved | self_check=PASS | reason=Routine action auto-approved — no HITL required.
2026-08-08 09:41:26,294 - INFO - [2026-08-08T04:11:26.294548+00:00] Case 13102F8E | customer=C1001 | decision=approve | action=issue refund pending manager approval | approval=pending | self_check=PASS | reason=High-risk action 'issue refund pending manager approval' requires human approval before execution. Assigned to ops manager queue.
